17:23:30 **** Incremental Build of configuration Debug for project 11_Continuous_ADC ****
make -j7 all 
arm-none-eabi-gcc "../Src/timer.c" -mcpu=cortex-m4 -std=gnu11 -g3 -DDEBUG -DSTM32 -DSTM32F401RETx -DSTM32F4 -DSTM32F401xE -c -I../Inc -I/Users/hmustf/Documents/STM32/Workspace/Driver_lib/CMSIS/Include -I/Users/hmustf/Documents/STM32/Workspace/Driver_lib/CMSIS/Device/ST/STM32F4xx/Include -O0 -ffunction-sections -fdata-sections -Wall -fstack-usage -fcyclomatic-complexity -MMD -MP -MF"Src/timer.d" -MT"Src/timer.o" --specs=nano.specs -mfpu=fpv4-sp-d16 -mfloat-abi=hard -mthumb -o "Src/timer.o"
arm-none-eabi-gcc -o "11_Continuous_ADC.elf" @"objects.list"   -mcpu=cortex-m4 -T"/Users/hmustf/Documents/STM32/Workspace/11_Continuous_ADC/STM32F401RETX_FLASH.ld" --specs=nosys.specs -Wl,-Map="11_Continuous_ADC.map" -Wl,--gc-sections -static --specs=nano.specs -mfpu=fpv4-sp-d16 -mfloat-abi=hard -mthumb -Wl,--start-group -lc -lm -Wl,--end-group
Finished building target: 11_Continuous_ADC.elf
 
arm-none-eabi-size  11_Continuous_ADC.elf 
arm-none-eabi-objdump -h -S 11_Continuous_ADC.elf  > "11_Continuous_ADC.list"
   text	   data	    bss	    dec	    hex	filename
   4368	     80	   1896	   6344	   18c8	11_Continuous_ADC.elf
Finished building: default.size.stdout
 
Finished building: 11_Continuous_ADC.list
 
17:23:34 **** Incremental Build of configuration Debug for project 11_Continuous_ADC ****
make -j7 all 
arm-none-eabi-size  11_Continuous_ADC.elf 
   text	   data	    bss	    dec	    hex	filename
   4368	     80	   1896	   6344	   18c8	11_Continuous_ADC.elf
Finished building: default.size.stdout
 
