16:19:51 **** Incremental Build of configuration Debug for project 4_gpio_bsrr ****
make -j7 all 
arm-none-eabi-gcc "../Src/main.c" -mcpu=cortex-m4 -std=gnu11 -g3 -DDEBUG -DSTM32 -DSTM32F401RETx -DSTM32F4 -DSTM32F401xE -c -I../Inc -I/Users/hmustf/Documents/STM32/Workspace/Driver_lib/CMSIS/Include -I/Users/hmustf/Documents/STM32/Workspace/Driver_lib/CMSIS/Device/ST/STM32F4xx/Include -O0 -ffunction-sections -fdata-sections -Wall -fstack-usage -fcyclomatic-complexity -MMD -MP -MF"Src/main.d" -MT"Src/main.o" --specs=nano.specs -mfpu=fpv4-sp-d16 -mfloat-abi=hard -mthumb -o "Src/main.o"
arm-none-eabi-gcc -o "4_gpio_bsrr.elf" @"objects.list"   -mcpu=cortex-m4 -T"/Users/hmustf/Documents/STM32/Workspace/4_gpio_bsrr/STM32F401RETX_FLASH.ld" --specs=nosys.specs -Wl,-Map="4_gpio_bsrr.map" -Wl,--gc-sections -static --specs=nano.specs -mfpu=fpv4-sp-d16 -mfloat-abi=hard -mthumb -Wl,--start-group -lc -lm -Wl,--end-group
Finished building target: 4_gpio_bsrr.elf
 
arm-none-eabi-size  4_gpio_bsrr.elf 
arm-none-eabi-objdump -h -S 4_gpio_bsrr.elf  > "4_gpio_bsrr.list"
   text	   data	    bss	    dec	    hex	filename
    772	      0	   1568	   2340	    924	4_gpio_bsrr.elf
Finished building: default.size.stdout
 
Finished building: 4_gpio_bsrr.list
 
16:20:21 **** Incremental Build of configuration Debug for project 4_gpio_bsrr ****
make -j7 all 
arm-none-eabi-size  4_gpio_bsrr.elf 
   text	   data	    bss	    dec	    hex	filename
    772	      0	   1568	   2340	    924	4_gpio_bsrr.elf
Finished building: default.size.stdout
 
